// Jest Snapshot v1, https://goo.gl/fbAQLP

exports[`Pruebas en <FirstApp /> Debe hacer match con el snapshot 1`] = `
<div>
  <h1
    data-testid="test-tittle"
  >
    TÃ­tulo
  </h1>
  <p>
    Sin subtitulo
  </p>
</div>
`;
